
============================================================
Дата: 2026-09-28 14:57:09
Кому: oleg01@yandex.ru
Тема: Подтверждение регистрации: Семинар "Архитектура современных веб-приложений"
------------------------------------------------------------
Здравствуйте, Олег Участников Олегович!

Вы успешно зарегистрированы на мероприятие «Семинар "Архитектура современных веб-приложений"».
Дата и время: 2026-10-21 21:00
Место проведения: Онлайн

До встречи на мероприятии!

============================================================
Дата: 2026-09-28 14:57:30
Кому: oleg01@yandex.ru
Тема: Оплата подтверждена: Семинар "Архитектура современных веб-приложений"
------------------------------------------------------------
Здравствуйте, Олег Участников Олегович!

Ваша оплата за участие в мероприятии «Семинар "Архитектура современных веб-приложений"» на сумму 3500.0 руб. успешно проведена.
Номер транзакции: MOCK-KVQKQIWG72

Спасибо за оплату!

============================================================
Дата: 2026-09-28 15:01:46
Кому: oleg01@yandex.ru
Тема: Подтверждение регистрации: 1
------------------------------------------------------------
Здравствуйте, Олег Участников Олегович!

Вы успешно зарегистрированы на мероприятие «1».
Дата и время: 2026-10-21 21:00
Место проведения: Онлайн

До встречи на мероприятии!

============================================================
Дата: 2026-09-28 15:01:50
Кому: oleg01@yandex.ru
Тема: Оплата подтверждена: 1
------------------------------------------------------------
Здравствуйте, Олег Участников Олегович!

Ваша оплата за участие в мероприятии «1» на сумму 10000.0 руб. успешно проведена.
Номер транзакции: MOCK-U12EMOMF79

Спасибо за оплату!
